MSBuild version 17.3.1+2badb37d1 for .NET Framework
  iii_core.vcxproj -> C:\dev\iii\implementation_is_illustration\build\Release\iii_core.lib
  basic_usage.cpp
C:/dev/iii/implementation_is_illustration/libs/autodiff\autodiff/common/eigen.hpp(105,86): error C3203: 'SingleRange': unspecialized class template can't be used as a template argument for template parameter 'ColIndices', expected a real type [C:\dev\iii\implementation_is_illustration\build\poc_example.vcxproj]
C:/dev/iii/implementation_is_illustration/libs/autodiff\autodiff/common/eigen.hpp(114,73): error C3203: 'SingleRange': unspecialized class template can't be used as a template argument for template parameter 'RowIndices', expected a real type [C:\dev\iii\implementation_is_illustration\build\poc_example.vcxproj]
